[2026-05-19T16:40:24.206Z] 🥷 Ninja Money Machine started in DAEMON mode
[2026-05-19T16:40:24.213Z] Cycles every hour. Press Ctrl+C to stop.
[2026-05-19T16:40:24.213Z] ========== NINJA MONEY MACHINE CYCLE ==========
[2026-05-19T16:40:24.213Z] 🕵️  SCOUT: Hunting for opportunities...
[2026-05-19T16:41:34.213Z] 🕵️  SCOUT: 🏆 Top opportunity: "Browser extension that summarizes any webpage in 3 bullet points" (score: 90)
[2026-05-19T16:41:34.219Z] 🔨 BUILDER: No opportunities to build. Scout first.
[2026-05-19T16:41:34.219Z] 🚀 LAUNCHER: Nothing ready to launch.
[2026-05-19T16:41:34.219Z] 📊 TRACKER: Updating dashboard...
[2026-05-19T16:41:34.315Z] ========== CYCLE COMPLETE ==========
[2026-05-19T17:00:00.566Z] ========== NINJA MONEY MACHINE CYCLE ==========
[2026-05-19T17:00:00.580Z] 🕵️  SCOUT: Hunting for opportunities...
[2026-05-19T17:01:25.230Z] 🕵️  SCOUT: 🏆 Top opportunity: "Browser extension that summarizes any webpage in 3 bullet points" (score: 90)
[2026-05-19T17:01:25.241Z] 🔨 BUILDER: No opportunities to build. Scout first.
[2026-05-19T17:01:25.241Z] 🚀 LAUNCHER: Nothing ready to launch.
[2026-05-19T17:01:25.241Z] 📊 TRACKER: Updating dashboard...
[2026-05-19T17:01:25.399Z] ========== CYCLE COMPLETE ==========
[2026-05-19T18:00:00.984Z] ========== NINJA MONEY MACHINE CYCLE ==========
[2026-05-19T18:00:01.008Z] 🕵️  SCOUT: Hunting for opportunities...
[2026-05-19T18:01:13.222Z] 🕵️  SCOUT: 🏆 Top opportunity: "Browser extension that summarizes any webpage in 3 bullet points" (score: 90)
[2026-05-19T18:01:13.231Z] 🔨 BUILDER: No opportunities to build. Scout first.
[2026-05-19T18:01:13.233Z] 🚀 LAUNCHER: Nothing ready to launch.
[2026-05-19T18:01:13.233Z] 📊 TRACKER: Updating dashboard...
[2026-05-19T18:01:13.473Z] ========== CYCLE COMPLETE ==========
[2026-05-19T19:00:00.329Z] ========== NINJA MONEY MACHINE CYCLE ==========
[2026-05-19T19:00:00.348Z] 🕵️  SCOUT: Hunting for opportunities...
[2026-05-19T19:01:12.302Z] 🕵️  SCOUT: 🏆 Top opportunity: "Browser extension that summarizes any webpage in 3 bullet points" (score: 90)
[2026-05-19T19:01:12.308Z] 🔨 BUILDER: No opportunities to build. Scout first.
[2026-05-19T19:01:12.309Z] 🚀 LAUNCHER: Nothing ready to launch.
[2026-05-19T19:01:12.310Z] 📊 TRACKER: Updating dashboard...
[2026-05-19T19:01:12.500Z] ========== CYCLE COMPLETE ==========
[2026-05-19T20:00:00.138Z] ========== NINJA MONEY MACHINE CYCLE ==========
[2026-05-19T20:00:00.152Z] 🕵️  SCOUT: Hunting for opportunities...
[2026-05-19T20:01:12.834Z] 🕵️  SCOUT: 🏆 Top opportunity: "Browser extension that summarizes any webpage in 3 bullet points" (score: 90)
[2026-05-19T20:01:12.840Z] 🔨 BUILDER: Building "Browser extension that summarizes any webpage in 3 bullet points" (score: 90)
Builder crashed: TypeError: Cannot read properties of undefined (reading 'filter')
    at main (/Users/ali-bulatsalamov/ninja-money-machine/agents/builder.js:182:35)
[2026-05-19T20:06:46.502Z] 🔨 BUILDER ERROR: Command failed: node agents/builder.js "seed-dev-tool-1779220872568"
Builder crashed: TypeError: Cannot read properties of undefined (reading 'filter')
    at main (/Users/ali-bulatsalamov/ninja-money-machine/agents/builder.js:182:35)
[2026-05-19T20:06:46.503Z] 🚀 LAUNCHER: Nothing ready to launch.
[2026-05-19T20:06:46.503Z] 📊 TRACKER: Updating dashboard...
[2026-05-19T20:06:46.583Z] ========== CYCLE COMPLETE ==========
[2026-05-19T21:00:00.725Z] ========== NINJA MONEY MACHINE CYCLE ==========
[2026-05-19T21:00:00.727Z] 🕵️  SCOUT: Hunting for opportunities...
[2026-05-19T21:01:15.930Z] 🕵️  SCOUT: 🏆 Top opportunity: "Browser extension that summarizes any webpage in 3 bullet points" (score: 90)
[2026-05-19T21:01:15.931Z] 🔨 BUILDER: Building "Browser extension that summarizes any webpage in 3 bullet points" (score: 90)
Builder crashed: TypeError: Cannot read properties of undefined (reading 'filter')
    at main (/Users/ali-bulatsalamov/ninja-money-machine/agents/builder.js:182:35)
[2026-05-19T21:02:03.955Z] 🔨 BUILDER ERROR: Command failed: node agents/builder.js "seed-dev-tool-1779220872568"
Builder crashed: TypeError: Cannot read properties of undefined (reading 'filter')
    at main (/Users/ali-bulatsalamov/ninja-money-machine/agents/builder.js:182:35)
[2026-05-19T21:02:03.956Z] 🚀 LAUNCHER: Nothing ready to launch.
[2026-05-19T21:02:03.956Z] 📊 TRACKER: Updating dashboard...
[2026-05-19T21:02:04.031Z] ========== CYCLE COMPLETE ==========
[2026-05-19T22:00:00.575Z] ========== NINJA MONEY MACHINE CYCLE ==========
[2026-05-19T22:00:00.578Z] 🕵️  SCOUT: Hunting for opportunities...
[2026-05-19T22:01:15.468Z] 🕵️  SCOUT: 🏆 Top opportunity: "Browser extension that summarizes any webpage in 3 bullet points" (score: 90)
[2026-05-19T22:01:15.469Z] 🔨 BUILDER: Building "Browser extension that summarizes any webpage in 3 bullet points" (score: 90)
Builder crashed: TypeError: Cannot read properties of undefined (reading 'filter')
    at main (/Users/ali-bulatsalamov/ninja-money-machine/agents/builder.js:182:35)
[2026-05-19T22:02:04.865Z] 🔨 BUILDER ERROR: Command failed: node agents/builder.js "seed-dev-tool-1779220872568"
Builder crashed: TypeError: Cannot read properties of undefined (reading 'filter')
    at main (/Users/ali-bulatsalamov/ninja-money-machine/agents/builder.js:182:35)
[2026-05-19T22:02:04.866Z] 🚀 LAUNCHER: Nothing ready to launch.
[2026-05-19T22:02:04.866Z] 📊 TRACKER: Updating dashboard...
[2026-05-19T22:02:04.942Z] ========== CYCLE COMPLETE ==========
[2026-05-19T23:00:00.578Z] ========== NINJA MONEY MACHINE CYCLE ==========
[2026-05-19T23:00:00.581Z] 🕵️  SCOUT: Hunting for opportunities...
[2026-05-19T23:01:16.460Z] 🕵️  SCOUT: 🏆 Top opportunity: "Browser extension that summarizes any webpage in 3 bullet points" (score: 90)
[2026-05-19T23:01:16.461Z] 🔨 BUILDER: Building "Browser extension that summarizes any webpage in 3 bullet points" (score: 90)
Builder crashed: TypeError: Cannot read properties of undefined (reading 'filter')
    at main (/Users/ali-bulatsalamov/ninja-money-machine/agents/builder.js:182:35)
[2026-05-19T23:02:04.508Z] 🔨 BUILDER ERROR: Command failed: node agents/builder.js "seed-dev-tool-1779220872568"
Builder crashed: TypeError: Cannot read properties of undefined (reading 'filter')
    at main (/Users/ali-bulatsalamov/ninja-money-machine/agents/builder.js:182:35)
[2026-05-19T23:02:04.509Z] 🚀 LAUNCHER: Nothing ready to launch.
[2026-05-19T23:02:04.509Z] 📊 TRACKER: Updating dashboard...
[2026-05-19T23:02:04.586Z] ========== CYCLE COMPLETE ==========
[2026-05-20T00:00:00.117Z] ========== NINJA MONEY MACHINE CYCLE ==========
[2026-05-20T00:00:00.120Z] 🕵️  SCOUT: Hunting for opportunities...
[2026-05-20T00:01:10.236Z] 🕵️  SCOUT: 🏆 Top opportunity: "Browser extension that summarizes any webpage in 3 bullet points" (score: 90)
[2026-05-20T00:01:10.238Z] 🔨 BUILDER: Building "Browser extension that summarizes any webpage in 3 bullet points" (score: 90)
Builder crashed: TypeError: Cannot read properties of undefined (reading 'filter')
    at main (/Users/ali-bulatsalamov/ninja-money-machine/agents/builder.js:182:35)
[2026-05-20T00:07:02.004Z] 🔨 BUILDER ERROR: Command failed: node agents/builder.js "seed-dev-tool-1779220872568"
Builder crashed: TypeError: Cannot read properties of undefined (reading 'filter')
    at main (/Users/ali-bulatsalamov/ninja-money-machine/agents/builder.js:182:35)
[2026-05-20T00:07:02.004Z] 🚀 LAUNCHER: Nothing ready to launch.
[2026-05-20T00:07:02.005Z] 📊 TRACKER: Updating dashboard...
[2026-05-20T00:07:02.081Z] ========== CYCLE COMPLETE ==========
[2026-05-20T01:00:00.102Z] ========== NINJA MONEY MACHINE CYCLE ==========
[2026-05-20T01:00:00.105Z] 🕵️  SCOUT: Hunting for opportunities...
[2026-05-20T01:01:09.527Z] 🕵️  SCOUT: 🏆 Top opportunity: "Browser extension that summarizes any webpage in 3 bullet points" (score: 90)
[2026-05-20T01:01:09.528Z] 🔨 BUILDER: Building "Browser extension that summarizes any webpage in 3 bullet points" (score: 90)
Builder crashed: TypeError: Cannot read properties of undefined (reading 'filter')
    at main (/Users/ali-bulatsalamov/ninja-money-machine/agents/builder.js:182:35)
[2026-05-20T01:02:19.722Z] 🔨 BUILDER ERROR: Command failed: node agents/builder.js "seed-dev-tool-1779220872568"
Builder crashed: TypeError: Cannot read properties of undefined (reading 'filter')
    at main (/Users/ali-bulatsalamov/ninja-money-machine/agents/builder.js:182:35)
[2026-05-20T01:02:19.723Z] 🚀 LAUNCHER: Nothing ready to launch.
[2026-05-20T01:02:19.723Z] 📊 TRACKER: Updating dashboard...
[2026-05-20T01:02:19.800Z] ========== CYCLE COMPLETE ==========
[2026-05-20T02:00:00.299Z] ========== NINJA MONEY MACHINE CYCLE ==========
[2026-05-20T02:00:00.302Z] 🕵️  SCOUT: Hunting for opportunities...
[2026-05-20T02:01:03.630Z] 🕵️  SCOUT: 🏆 Top opportunity: "Browser extension that summarizes any webpage in 3 bullet points" (score: 90)
[2026-05-20T02:01:03.632Z] 🔨 BUILDER: Building "Browser extension that summarizes any webpage in 3 bullet points" (score: 90)
Builder crashed: TypeError: Cannot read properties of undefined (reading 'filter')
    at main (/Users/ali-bulatsalamov/ninja-money-machine/agents/builder.js:182:35)
[2026-05-20T02:01:55.063Z] 🔨 BUILDER ERROR: Command failed: node agents/builder.js "seed-dev-tool-1779220872568"
Builder crashed: TypeError: Cannot read properties of undefined (reading 'filter')
    at main (/Users/ali-bulatsalamov/ninja-money-machine/agents/builder.js:182:35)
[2026-05-20T02:01:55.064Z] 🚀 LAUNCHER: Nothing ready to launch.
[2026-05-20T02:01:55.064Z] 📊 TRACKER: Updating dashboard...
[2026-05-20T02:01:55.137Z] ========== CYCLE COMPLETE ==========
[2026-05-20T03:00:00.738Z] ========== NINJA MONEY MACHINE CYCLE ==========
[2026-05-20T03:00:00.743Z] 🕵️  SCOUT: Hunting for opportunities...
[2026-05-20T03:01:09.796Z] 🕵️  SCOUT: 🏆 Top opportunity: "Browser extension that summarizes any webpage in 3 bullet points" (score: 90)
[2026-05-20T03:01:09.797Z] 🔨 BUILDER: Building "Browser extension that summarizes any webpage in 3 bullet points" (score: 90)
Builder crashed: TypeError: Cannot read properties of undefined (reading 'filter')
    at main (/Users/ali-bulatsalamov/ninja-money-machine/agents/builder.js:182:35)
[2026-05-20T03:01:57.498Z] 🔨 BUILDER ERROR: Command failed: node agents/builder.js "seed-dev-tool-1779220872568"
Builder crashed: TypeError: Cannot read properties of undefined (reading 'filter')
    at main (/Users/ali-bulatsalamov/ninja-money-machine/agents/builder.js:182:35)
[2026-05-20T03:01:57.498Z] 🚀 LAUNCHER: Nothing ready to launch.
[2026-05-20T03:01:57.499Z] 📊 TRACKER: Updating dashboard...
[2026-05-20T03:01:57.580Z] ========== CYCLE COMPLETE ==========
[2026-05-20T04:00:00.165Z] ========== NINJA MONEY MACHINE CYCLE ==========
[2026-05-20T04:00:00.167Z] 🕵️  SCOUT: Hunting for opportunities...
[2026-05-20T04:01:08.063Z] 🕵️  SCOUT: 🏆 Top opportunity: "Browser extension that summarizes any webpage in 3 bullet points" (score: 90)
[2026-05-20T04:01:08.064Z] 🔨 BUILDER: Building "Browser extension that summarizes any webpage in 3 bullet points" (score: 90)
Builder crashed: TypeError: Cannot read properties of undefined (reading 'filter')
    at main (/Users/ali-bulatsalamov/ninja-money-machine/agents/builder.js:182:35)
[2026-05-20T04:02:10.511Z] 🔨 BUILDER ERROR: Command failed: node agents/builder.js "seed-dev-tool-1779220872568"
Builder crashed: TypeError: Cannot read properties of undefined (reading 'filter')
    at main (/Users/ali-bulatsalamov/ninja-money-machine/agents/builder.js:182:35)
[2026-05-20T04:02:10.512Z] 🚀 LAUNCHER: Nothing ready to launch.
[2026-05-20T04:02:10.512Z] 📊 TRACKER: Updating dashboard...
[2026-05-20T04:02:10.588Z] ========== CYCLE COMPLETE ==========
[2026-05-20T05:00:00.850Z] ========== NINJA MONEY MACHINE CYCLE ==========
[2026-05-20T05:00:00.853Z] 🕵️  SCOUT: Hunting for opportunities...
[2026-05-20T05:01:04.858Z] 🕵️  SCOUT: 🏆 Top opportunity: "Browser extension that summarizes any webpage in 3 bullet points" (score: 90)
[2026-05-20T05:01:04.859Z] 🔨 BUILDER: Building "Browser extension that summarizes any webpage in 3 bullet points" (score: 90)
Builder crashed: TypeError: Cannot read properties of undefined (reading 'filter')
    at main (/Users/ali-bulatsalamov/ninja-money-machine/agents/builder.js:182:35)
[2026-05-20T05:01:58.791Z] 🔨 BUILDER ERROR: Command failed: node agents/builder.js "seed-dev-tool-1779220872568"
Builder crashed: TypeError: Cannot read properties of undefined (reading 'filter')
    at main (/Users/ali-bulatsalamov/ninja-money-machine/agents/builder.js:182:35)
[2026-05-20T05:01:58.792Z] 🚀 LAUNCHER: Nothing ready to launch.
[2026-05-20T05:01:58.792Z] 📊 TRACKER: Updating dashboard...
[2026-05-20T05:01:58.867Z] ========== CYCLE COMPLETE ==========
[2026-05-20T06:00:00.493Z] ========== NINJA MONEY MACHINE CYCLE ==========
[2026-05-20T06:00:00.507Z] 🕵️  SCOUT: Hunting for opportunities...
[2026-05-20T06:01:06.415Z] 🕵️  SCOUT: 🏆 Top opportunity: "Browser extension that summarizes any webpage in 3 bullet points" (score: 90)
[2026-05-20T06:01:06.416Z] 🔨 BUILDER: Building "Browser extension that summarizes any webpage in 3 bullet points" (score: 90)
Builder crashed: TypeError: Cannot read properties of undefined (reading 'filter')
    at main (/Users/ali-bulatsalamov/ninja-money-machine/agents/builder.js:182:35)
[2026-05-20T06:02:28.472Z] 🔨 BUILDER ERROR: Command failed: node agents/builder.js "seed-dev-tool-1779220872568"
Builder crashed: TypeError: Cannot read properties of undefined (reading 'filter')
    at main (/Users/ali-bulatsalamov/ninja-money-machine/agents/builder.js:182:35)
[2026-05-20T06:02:28.473Z] 🚀 LAUNCHER: Nothing ready to launch.
[2026-05-20T06:02:28.473Z] 📊 TRACKER: Updating dashboard...
[2026-05-20T06:02:28.548Z] ========== CYCLE COMPLETE ==========
er')
    at main (/Users/ali-bulatsalamov/ninja-money-machine/agents/builder.js:182:35)

[2026-05-20T06:02:28.473Z] 🚀 LAUNCHER: Nothing ready to launch.
[2026-05-20T06:02:28.473Z] 📊 TRACKER: Updating dashboard...
[2026-05-20T06:02:28.548Z] ========== CYCLE COMPLETE ==========

